Zadejte cislo pro vypocet faktorialu: Vysledek: 720