Zadejte cislo pro vypocet faktorialu
Vysledek: 0x1.ep6 = 120
