Toto je nejaky text v programu jazyka IFJ24
Toto je nejaky text v programu jazyka IFJ24, ktery jeste trochu obohatime
Zadejte serazenou posloupnost vsech malych pismen a-h, Spatne zadana posloupnost, zkuste znovu:
Spatne zadana posloupnost, zkuste znovu:
Spravne zadano!
xxxabcdefhg